exports[`Header.test.js renders without crashing 1`] = `
<header>
  <div
    className="jumbotron jumbotron-fluid bg-info text-white text-center">
    <div
      className="container">
      <h1
        className="display-4">
        Diet Planner
      </h1>
      <p
        className="lead">
        with calories management
      </p>
    </div>
  </div>
</header>
`;
