exports[`Home.test.js renders without crashing 1`] = `
<div>
  <Header />
</div>
`;
